// Jest Snapshot v1, https://goo.gl/fbAQLP

exports[`DetailsPage renders DetailsPage component correctly 1`] = `
Object {
  "asFragment": [Function],
  "baseElement": <body>
    <div>
      <section>
        <i
          aria-label="Back button"
          class="fas fa-arrow-circle-left fontawesomeIcon"
          role="button"
          tabindex="0"
        />
        <header
          class="detailsHeader"
        >
          <img
            alt="Bitcoin"
            class="detailsImage"
            src="https://assets.coingecko.com/coins/images/1/large/bitcoin.png?1547033579"
          />
          <p>
            Bitcoin
          </p>
        </header>
        <div
          class="card"
        >
          <p
            class="rowContainer"
          >
            <span
              class="rowText"
            >
              All Time High:
            </span>
             
            69045
          </p>
          <p
            class="rowContainer"
          >
            <span
              class="rowText"
            >
              All Time High Change Percentage:
            </span>
             
            -12.27579
          </p>
          <p
            class="rowContainer"
          >
            <span
              class="rowText"
            >
              Circulating Supply:
            </span>
             
            18875325
          </p>
          <p
            class="rowContainer"
          >
            <span
              class="rowText"
            >
              Current Price:
            </span>
             
            60579
          </p>
          <p
            class="rowContainer"
          >
            <span
              class="rowText"
            >
              Highest Price last 24 hours:
            </span>
             
            64042
          </p>
          <p
            class="rowContainer"
          >
            <span
              class="rowText"
            >
              Lowest Price last 24 hours:
            </span>
             
            59150
          </p>
          <p
            class="rowContainer"
          >
            <span
              class="rowText"
            >
              Market Cap Rank:
            </span>
             
            1
          </p>
        </div>
      </section>
    </div>
  </body>,
  "container": <div>
    <section>
      <i
        aria-label="Back button"
        class="fas fa-arrow-circle-left fontawesomeIcon"
        role="button"
        tabindex="0"
      />
      <header
        class="detailsHeader"
      >
        <img
          alt="Bitcoin"
          class="detailsImage"
          src="https://assets.coingecko.com/coins/images/1/large/bitcoin.png?1547033579"
        />
        <p>
          Bitcoin
        </p>
      </header>
      <div
        class="card"
      >
        <p
          class="rowContainer"
        >
          <span
            class="rowText"
          >
            All Time High:
          </span>
           
          69045
        </p>
        <p
          class="rowContainer"
        >
          <span
            class="rowText"
          >
            All Time High Change Percentage:
          </span>
           
          -12.27579
        </p>
        <p
          class="rowContainer"
        >
          <span
            class="rowText"
          >
            Circulating Supply:
          </span>
           
          18875325
        </p>
        <p
          class="rowContainer"
        >
          <span
            class="rowText"
          >
            Current Price:
          </span>
           
          60579
        </p>
        <p
          class="rowContainer"
        >
          <span
            class="rowText"
          >
            Highest Price last 24 hours:
          </span>
           
          64042
        </p>
        <p
          class="rowContainer"
        >
          <span
            class="rowText"
          >
            Lowest Price last 24 hours:
          </span>
           
          59150
        </p>
        <p
          class="rowContainer"
        >
          <span
            class="rowText"
          >
            Market Cap Rank:
          </span>
           
          1
        </p>
      </div>
    </section>
  </div>,
  "debug": [Function],
  "findAllByAltText": [Function],
  "findAllByDisplayValue": [Function],
  "findAllByLabelText": [Function],
  "findAllByPlaceholderText": [Function],
  "findAllByRole": [Function],
  "findAllByTestId": [Function],
  "findAllByText": [Function],
  "findAllByTitle": [Function],
  "findByAltText": [Function],
  "findByDisplayValue": [Function],
  "findByLabelText": [Function],
  "findByPlaceholderText": [Function],
  "findByRole": [Function],
  "findByTestId": [Function],
  "findByText": [Function],
  "findByTitle": [Function],
  "getAllByAltText": [Function],
  "getAllByDisplayValue": [Function],
  "getAllByLabelText": [Function],
  "getAllByPlaceholderText": [Function],
  "getAllByRole": [Function],
  "getAllByTestId": [Function],
  "getAllByText": [Function],
  "getAllByTitle": [Function],
  "getByAltText": [Function],
  "getByDisplayValue": [Function],
  "getByLabelText": [Function],
  "getByPlaceholderText": [Function],
  "getByRole": [Function],
  "getByTestId": [Function],
  "getByText": [Function],
  "getByTitle": [Function],
  "queryAllByAltText": [Function],
  "queryAllByDisplayValue": [Function],
  "queryAllByLabelText": [Function],
  "queryAllByPlaceholderText": [Function],
  "queryAllByRole": [Function],
  "queryAllByTestId": [Function],
  "queryAllByText": [Function],
  "queryAllByTitle": [Function],
  "queryByAltText": [Function],
  "queryByDisplayValue": [Function],
  "queryByLabelText": [Function],
  "queryByPlaceholderText": [Function],
  "queryByRole": [Function],
  "queryByTestId": [Function],
  "queryByText": [Function],
  "queryByTitle": [Function],
  "rerender": [Function],
  "unmount": [Function],
}
`;
